// Jest Snapshot v1, https://goo.gl/fbAQLP

exports[`<Title /> should not render title 1`] = `
<p>
  no title
</p>
`;

exports[`<Title /> should render properly 1`] = `
<p
  className="truncate"
/>
`;
